// Jest Snapshot v1, https://goo.gl/fbAQLP

exports[`renders correctly 1`] = `
<Box
  customStyle={
    Object {
      "padding": "30px",
    }
  }
>
  <div
    style={
      Object {
        "padding": "30px",
      }
    }
  >
    <div>
      Child
    </div>
  </div>
</Box>
`;
